// Jest Snapshot v1, https://goo.gl/fbAQLP

exports[`InputPannel list test InputPannel renders properly 1`] = `
ShallowWrapper {
  Symbol(enzyme.__root__): [Circular],
  Symbol(enzyme.__unrendered__): <InputPannel
    addTask={[Function]}
  />,
  Symbol(enzyme.__renderer__): Object {
    "batchedUpdates": [Function],
    "getNode": [Function],
    "render": [Function],
    "simulateError": [Function],
    "simulateEvent": [Function],
    "unmount": [Function],
  },
  Symbol(enzyme.__node__): Object {
    "instance": null,
    "key": undefined,
    "nodeType": "host",
    "props": Object {
      "children": Array [
        true,
        <input
          className="form-control input-add-task"
          onChange={[Function]}
          onKeyDown={[Function]}
          placeholder="To do ..."
          type="text"
          value=""
        />,
        <button
          className="btn btn-success btn-add-task"
          onClick={[Function]}
        >
          Add Task
        </button>,
      ],
      "className": "form-group",
    },
    "ref": null,
    "rendered": Array [
      true,
      Object {
        "instance": null,
        "key": undefined,
        "nodeType": "host",
        "props": Object {
          "className": "form-control input-add-task",
          "onChange": [Function],
          "onKeyDown": [Function],
          "placeholder": "To do ...",
          "type": "text",
          "value": "",
        },
        "ref": null,
        "rendered": null,
        "type": "input",
      },
      Object {
        "instance": null,
        "key": undefined,
        "nodeType": "host",
        "props": Object {
          "children": "Add Task",
          "className": "btn btn-success btn-add-task",
          "onClick": [Function],
        },
        "ref": null,
        "rendered": "Add Task",
        "type": "button",
      },
    ],
    "type": "div",
  },
  Symbol(enzyme.__nodes__): Array [
    Object {
      "instance": null,
      "key": undefined,
      "nodeType": "host",
      "props": Object {
        "children": Array [
          true,
          <input
            className="form-control input-add-task"
            onChange={[Function]}
            onKeyDown={[Function]}
            placeholder="To do ..."
            type="text"
            value=""
          />,
          <button
            className="btn btn-success btn-add-task"
            onClick={[Function]}
          >
            Add Task
          </button>,
        ],
        "className": "form-group",
      },
      "ref": null,
      "rendered": Array [
        true,
        Object {
          "instance": null,
          "key": undefined,
          "nodeType": "host",
          "props": Object {
            "className": "form-control input-add-task",
            "onChange": [Function],
            "onKeyDown": [Function],
            "placeholder": "To do ...",
            "type": "text",
            "value": "",
          },
          "ref": null,
          "rendered": null,
          "type": "input",
        },
        Object {
          "instance": null,
          "key": undefined,
          "nodeType": "host",
          "props": Object {
            "children": "Add Task",
            "className": "btn btn-success btn-add-task",
            "onClick": [Function],
          },
          "ref": null,
          "rendered": "Add Task",
          "type": "button",
        },
      ],
      "type": "div",
    },
  ],
  Symbol(enzyme.__options__): Object {
    "adapter": ReactSixteenAdapter {
      "options": Object {
        "enableComponentDidUpdateOnSetState": true,
        "lifecycles": Object {
          "componentDidUpdate": Object {
            "onSetState": true,
          },
          "getDerivedStateFromProps": true,
          "getSnapshotBeforeUpdate": true,
          "setState": Object {
            "skipsComponentDidUpdateOnNullish": true,
          },
        },
      },
    },
  },
}
`;
